This is pdfTeX, Version 3.141592653-2.6-1.40.25 (MiKTeX 23.4) (preloaded format=pdflatex 2023.9.1)  29 AUG 2025 02:05
entering extended mode
 restricted \write18 enabled.
 file:line:error style messages enabled.
 %&-line parsing enabled.
**c:/Users/Lenovo/Desktop/Dissertaion/Code/MSc-Dissertation/Draft.tex
(c:/Users/Lenovo/Desktop/Dissertaion/Code/MSc-Dissertation/Draft.tex
LaTeX2e <2022-11-01> patch level 1
L3 programming layer <2023-03-30> (D:\Program Files (x86)\New folder\tex/latex/base\article.cls
Document Class: article 2022/07/02 v1.4n Standard LaTeX document class
(D:\Program Files (x86)\New folder\tex/latex/base\size12.clo
File: size12.clo 2022/07/02 v1.4n Standard LaTeX file (size option)
)
\c@part=\count185
\c@section=\count186
\c@subsection=\count187
\c@subsubsection=\count188
\c@paragraph=\count189
\c@subparagraph=\count190
\c@figure=\count191
\c@table=\count192
\abovecaptionskip=\skip48
\belowcaptionskip=\skip49
\bibindent=\dimen140
) (D:\Program Files (x86)\New folder\tex/latex/amsmath\amsmath.sty
Package: amsmath 2022/04/08 v2.17n AMS math features
\@mathmargin=\skip50

For additional information on amsmath, use the `?' option.
(D:\Program Files (x86)\New folder\tex/latex/amsmath\amstext.sty
Package: amstext 2021/08/26 v2.01 AMS text
 (D:\Program Files (x86)\New folder\tex/latex/amsmath\amsgen.sty
File: amsgen.sty 1999/11/30 v2.0 generic functions
\@emptytoks=\toks16
\ex@=\dimen141
)) (D:\Program Files (x86)\New folder\tex/latex/amsmath\amsbsy.sty
Package: amsbsy 1999/11/29 v1.2d Bold Symbols
\pmbraise@=\dimen142
) (D:\Program Files (x86)\New folder\tex/latex/amsmath\amsopn.sty
Package: amsopn 2022/04/08 v2.04 operator names
)
\inf@bad=\count193
LaTeX Info: Redefining \frac on input line 234.
\uproot@=\count194
\leftroot@=\count195
LaTeX Info: Redefining \overline on input line 399.
LaTeX Info: Redefining \colon on input line 410.
\classnum@=\count196
\DOTSCASE@=\count197
LaTeX Info: Redefining \ldots on input line 496.
LaTeX Info: Redefining \dots on input line 499.
LaTeX Info: Redefining \cdots on input line 620.
\Mathstrutbox@=\box51
\strutbox@=\box52
LaTeX Info: Redefining \big on input line 722.
LaTeX Info: Redefining \Big on input line 723.
LaTeX Info: Redefining \bigg on input line 724.
LaTeX Info: Redefining \Bigg on input line 725.
\big@size=\dimen143
LaTeX Font Info:    Redeclaring font encoding OML on input line 743.
LaTeX Font Info:    Redeclaring font encoding OMS on input line 744.
\macc@depth=\count198
LaTeX Info: Redefining \bmod on input line 905.
LaTeX Info: Redefining \pmod on input line 910.
LaTeX Info: Redefining \smash on input line 940.
LaTeX Info: Redefining \relbar on input line 970.
LaTeX Info: Redefining \Relbar on input line 971.
\c@MaxMatrixCols=\count199
\dotsspace@=\muskip16
\c@parentequation=\count266
\dspbrk@lvl=\count267
\tag@help=\toks17
\row@=\count268
\column@=\count269
\maxfields@=\count270
\andhelp@=\toks18
\eqnshift@=\dimen144
\alignsep@=\dimen145
\tagshift@=\dimen146
\tagwidth@=\dimen147
\totwidth@=\dimen148
\lineht@=\dimen149
\@envbody=\toks19
\multlinegap=\skip51
\multlinetaggap=\skip52
\mathdisplay@stack=\toks20
LaTeX Info: Redefining \[ on input line 2953.
LaTeX Info: Redefining \] on input line 2954.
) (D:\Program Files (x86)\New folder\tex/latex/amsfonts\amssymb.sty
Package: amssymb 2013/01/14 v3.01 AMS font symbols
 (D:\Program Files (x86)\New folder\tex/latex/amsfonts\amsfonts.sty
Package: amsfonts 2013/01/14 v3.01 Basic AMSFonts support
\symAMSa=\mathgroup4
\symAMSb=\mathgroup5
LaTeX Font Info:    Redeclaring math symbol \hbar on input line 98.
LaTeX Font Info:    Overwriting math alphabet `\mathfrak' in version `bold'
(Font)                  U/euf/m/n --> U/euf/b/n on input line 106.
)) (D:\Program Files (x86)\New folder\tex/latex/geometry\geometry.sty
Package: geometry 2020/01/02 v5.9 Page Geometry
 (D:\Program Files (x86)\New folder\tex/latex/graphics\keyval.sty
Package: keyval 2022/05/29 v1.15 key=value parser (DPC)
\KV@toks@=\toks21
) (D:\Program Files (x86)\New folder\tex/generic/iftex\ifvtex.sty
Package: ifvtex 2019/10/25 v1.7 ifvtex legacy package. Use iftex instead.
 (D:\Program Files (x86)\New folder\tex/generic/iftex\iftex.sty
Package: iftex 2022/02/03 v1.0f TeX engine tests
))
\Gm@cnth=\count271
\Gm@cntv=\count272
\c@Gm@tempcnt=\count273
\Gm@bindingoffset=\dimen150
\Gm@wd@mp=\dimen151
\Gm@odd@mp=\dimen152
\Gm@even@mp=\dimen153
\Gm@layoutwidth=\dimen154
\Gm@layoutheight=\dimen155
\Gm@layouthoffset=\dimen156
\Gm@layoutvoffset=\dimen157
\Gm@dimlist=\toks22
 (D:\Program Files (x86)\New folder\tex/latex/geometry\geometry.cfg)) (D:\Program Files (x86)\New folder\tex/latex/graphics\graphicx.sty
Package: graphicx 2021/09/16 v1.2d Enhanced LaTeX Graphics (DPC,SPQR)
 (D:\Program Files (x86)\New folder\tex/latex/graphics\graphics.sty
Package: graphics 2022/03/10 v1.4e Standard LaTeX Graphics (DPC,SPQR)
 (D:\Program Files (x86)\New folder\tex/latex/graphics\trig.sty
Package: trig 2021/08/11 v1.11 sin cos tan (DPC)
) (D:\Program Files (x86)\New folder\tex/latex/graphics-cfg\graphics.cfg
File: graphics.cfg 2016/06/04 v1.11 sample graphics configuration
)
Package graphics Info: Driver file: pdftex.def on input line 107.
 (D:\Program Files (x86)\New folder\tex/latex/graphics-def\pdftex.def
File: pdftex.def 2022/09/22 v1.2b Graphics/color driver for pdftex
))
\Gin@req@height=\dimen158
\Gin@req@width=\dimen159
) (D:\Program Files (x86)\New folder\tex/latex/booktabs\booktabs.sty
Package: booktabs 2020/01/12 v1.61803398 Publication quality tables
\heavyrulewidth=\dimen160
\lightrulewidth=\dimen161
\cmidrulewidth=\dimen162
\belowrulesep=\dimen163
\belowbottomsep=\dimen164
\aboverulesep=\dimen165
\abovetopsep=\dimen166
\cmidrulesep=\dimen167
\cmidrulekern=\dimen168
\defaultaddspace=\dimen169
\@cmidla=\count274
\@cmidlb=\count275
\@aboverulesep=\dimen170
\@belowrulesep=\dimen171
\@thisruleclass=\count276
\@lastruleclass=\count277
\@thisrulewidth=\dimen172
) (D:\Program Files (x86)\New folder\tex/latex/doublestroke\dsfont.sty
Package: dsfont 1995/08/01 v0.1 Double stroke roman fonts
) (D:\Program Files (x86)\New folder\tex/latex/setspace\setspace.sty
Package: setspace 2022/12/04 v6.7b set line spacing
) (D:\Program Files (x86)\New folder\tex/latex/base\fontenc.sty
Package: fontenc 2021/04/29 v2.0v Standard LaTeX package
) (D:\Program Files (x86)\New folder\tex/latex/psnfss\helvet.sty
Package: helvet 2020/03/25 PSNFSS-v9.3 (WaS) 
) (D:\Program Files (x86)\New folder\tex/latex/natbib\natbib.sty
Package: natbib 2010/09/13 8.31b (PWD, AO)
\bibhang=\skip53
\bibsep=\skip54
LaTeX Info: Redefining \cite on input line 694.
\c@NAT@ctr=\count278
) (D:\Program Files (x86)\New folder\tex/latex/titlesec\titlesec.sty
Package: titlesec 2025/01/04 v2.17 Sectioning titles
\ttl@box=\box53
\beforetitleunit=\skip55
\aftertitleunit=\skip56
\ttl@plus=\dimen173
\ttl@minus=\dimen174
\ttl@toksa=\toks23
\titlewidth=\dimen175
\titlewidthlast=\dimen176
\titlewidthfirst=\dimen177
)
LaTeX Font Info:    Trying to load font information for T1+phv on input line 33.
 (D:\Program Files (x86)\New folder\tex/latex/psnfss\t1phv.fd
File: t1phv.fd 2020/03/25 scalable font definitions for T1/phv.
) (D:\Program Files (x86)\New folder\tex/latex/l3backend\l3backend-pdftex.def
File: l3backend-pdftex.def 2023-03-30 L3 backend support: PDF output (pdfTeX)
\l__color_backend_stack_int=\count279
\l__pdf_internal_box=\box54
) (Draft.aux)
\openout1 = `Draft.aux'.

LaTeX Font Info:    Checking defaults for OML/cmm/m/it on input line 33.
LaTeX Font Info:    ... okay on input line 33.
LaTeX Font Info:    Checking defaults for OMS/cmsy/m/n on input line 33.
LaTeX Font Info:    ... okay on input line 33.
LaTeX Font Info:    Checking defaults for OT1/cmr/m/n on input line 33.
LaTeX Font Info:    ... okay on input line 33.
LaTeX Font Info:    Checking defaults for T1/cmr/m/n on input line 33.
LaTeX Font Info:    ... okay on input line 33.
LaTeX Font Info:    Checking defaults for TS1/cmr/m/n on input line 33.
LaTeX Font Info:    ... okay on input line 33.
LaTeX Font Info:    Checking defaults for OMX/cmex/m/n on input line 33.
LaTeX Font Info:    ... okay on input line 33.
LaTeX Font Info:    Checking defaults for U/cmr/m/n on input line 33.
LaTeX Font Info:    ... okay on input line 33.

*geometry* driver: auto-detecting
*geometry* detected driver: pdftex
*geometry* verbose mode - [ preamble ] result:
* driver: pdftex
* paper: a4paper
* layout: <same size as paper>
* layoutoffset:(h,v)=(0.0pt,0.0pt)
* modes: 
* h-part:(L,W,R)=(108.405pt, 380.69788pt, 108.405pt)
* v-part:(T,H,B)=(108.405pt, 628.23685pt, 108.405pt)
* \paperwidth=597.50787pt
* \paperheight=845.04684pt
* \textwidth=380.69788pt
* \textheight=628.23685pt
* \oddsidemargin=36.13501pt
* \evensidemargin=36.13501pt
* \topmargin=-0.86499pt
* \headheight=12.0pt
* \headsep=25.0pt
* \topskip=12.0pt
* \footskip=30.0pt
* \marginparwidth=44.0pt
* \marginparsep=10.0pt
* \columnsep=10.0pt
* \skip\footins=10.8pt plus 4.0pt minus 2.0pt
* \hoffset=0.0pt
* \voffset=0.0pt
* \mag=1000
* \@twocolumnfalse
* \@twosidefalse
* \@mparswitchfalse
* \@reversemarginfalse
* (1in=72.27pt=25.4mm, 1cm=28.453pt)

(D:\Program Files (x86)\New folder\tex/context/base/mkii\supp-pdf.mkii
[Loading MPS to PDF converter (version 2006.09.02).]
\scratchcounter=\count280
\scratchdimen=\dimen178
\scratchbox=\box55
\nofMPsegments=\count281
\nofMParguments=\count282
\everyMPshowfont=\toks24
\MPscratchCnt=\count283
\MPscratchDim=\dimen179
\MPnumerator=\count284
\makeMPintoPDFobject=\count285
\everyMPtoPDFconversion=\toks25
) (D:\Program Files (x86)\New folder\tex/latex/epstopdf-pkg\epstopdf-base.sty
Package: epstopdf-base 2020-01-24 v2.11 Base part for package epstopdf
Package epstopdf-base Info: Redefining graphics rule for `.eps' on input line 485.
 (D:\Program Files (x86)\New folder\tex/latex/00miktex\epstopdf-sys.cfg
File: epstopdf-sys.cfg 2021/03/18 v2.0 Configuration of epstopdf for MiKTeX
))
LaTeX Font Info:    Trying to load font information for U+msa on input line 35.
 (D:\Program Files (x86)\New folder\tex/latex/amsfonts\umsa.fd
File: umsa.fd 2013/01/14 v3.01 AMS symbols A
)
LaTeX Font Info:    Trying to load font information for U+msb on input line 35.
 (D:\Program Files (x86)\New folder\tex/latex/amsfonts\umsb.fd
File: umsb.fd 2013/01/14 v3.01 AMS symbols B
)
Overfull \hbox (43.78404pt too wide) in paragraph at lines 35--35
 [][] 
 []

[1

{C:/Users/Lenovo/AppData/Local/MiKTeX/fonts/map/pdftex/pdftex.map}{D:/Program Files (x86)/New folder/fonts/enc/dvips/base/8r.enc}]
Underfull \hbox (badness 10000) in paragraph at lines 40--43

 []


Underfull \hbox (badness 10000) in paragraph at lines 44--45

 []

LaTeX Font Info:    Font shape `T1/phv/m/it' in size <12> not available
(Font)              Font shape `T1/phv/m/sl' tried instead on input line 48.

Underfull \hbox (badness 10000) in paragraph at lines 57--59

 []

[2] (Draft.toc)
\tf@toc=\write3
\openout3 = `Draft.toc'.

 [3] (Draft.lof)
\tf@lof=\write4
\openout4 = `Draft.lof'.

 (Draft.lot)
\tf@lot=\write5
\openout5 = `Draft.lot'.

 [4] [5] [6] [7]
Overfull \hbox (3.11694pt too wide) in paragraph at lines 141--150
\T1/phv/m/n/12 model of ve-hi-cle de-mand based on ran-dom util-ity max-i-miza-tion. I adopted
 []

[8] [9]
<GraphsTables/total_shares_ev_ice_shanghai.png, id=33, 570.2103pt x 354.123pt>
File: GraphsTables/total_shares_ev_ice_shanghai.png Graphic file (type png)
<use GraphsTables/total_shares_ev_ice_shanghai.png>
Package pdftex.def Info: GraphsTables/total_shares_ev_ice_shanghai.png  used on input line 197.
(pdftex.def)             Requested size: 266.48735pt x 165.50302pt.
 [10] [11 <./GraphsTables/total_shares_ev_ice_shanghai.png>]
<GraphsTables/total_ev_charging_trend.png, id=42, 570.2103pt x 354.123pt>
File: GraphsTables/total_ev_charging_trend.png Graphic file (type png)
<use GraphsTables/total_ev_charging_trend.png>
Package pdftex.def Info: GraphsTables/total_ev_charging_trend.png  used on input line 246.
(pdftex.def)             Requested size: 266.48735pt x 165.50302pt.
 [12 <./GraphsTables/total_ev_charging_trend.png>]
Underfull \hbox (badness 10000) in paragraph at lines 262--279

 []

[13]
Underfull \hbox (badness 10000) in paragraph at lines 280--293

 []

[14] [15] [16] [17]
LaTeX Font Info:    Trying to load font information for TS1+phv on input line 375.
 (D:\Program Files (x86)\New folder\tex/latex/psnfss\ts1phv.fd
File: ts1phv.fd 2020/03/25 scalable font definitions for TS1/phv.
)
LaTeX Font Info:    Font shape `T1/phv/m/it' in size <8> not available
(Font)              Font shape `T1/phv/m/sl' tried instead on input line 384.
 [18]
Overfull \hbox (10.1551pt too wide) detected at line 389
[]\OML/cmm/m/it/12 u[] \OT1/cmr/m/n/12 = \OML/cmm/m/it/12 ^^L[]EV[] \OT1/cmr/m/n/12 + \OML/cmm/m/it/12 ^^L[] []\OT1/cmr/m/n/12 (\OML/cmm/m/it/12 N[]\OT1/cmr/m/n/12 ) + \OML/cmm/m/it/12 ^^L[]\OT1/cmr/m/n/12 ([](\OML/cmm/m/it/12 N[]\OT1/cmr/m/n/12 ) \OMS/cmsy/m/n/12 ^^B \OML/cmm/m/it/12 EV[]\OT1/cmr/m/n/12 ) + \OML/cmm/m/it/12 p[] \OT1/cmr/m/n/12 + \OML/cmm/m/it/12 x[]^^L[] \OT1/cmr/m/n/12 + \OML/cmm/m/it/12 ^^X[] \OT1/cmr/m/n/12 + []
 []

[19] [20] [21]
Overfull \hbox (45.997pt too wide) detected at line 469
[][][]
 []

[22] [23] [24]
LaTeX Font Info:    Trying to load font information for U+dsrom on input line 544.
 (D:\Program Files (x86)\New folder\tex/latex/doublestroke\udsrom.fd
File: Udsrom.fd 1995/08/01 v0.1 Double stroke roman font definitions
) [25]
LaTeX Font Info:    Font shape `T1/phv/m/it' in size <10> not available
(Font)              Font shape `T1/phv/m/sl' tried instead on input line 614.
 [26] [27]
Overfull \hbox (30.12439pt too wide) in paragraph at lines 632--645
 [][] 
 []


Overfull \hbox (30.12439pt too wide) in paragraph at lines 651--664
 [][] 
 []

[28] [29] [30] [31]
Overfull \hbox (4.16153pt too wide) in paragraph at lines 790--794
\T1/phv/m/n/12 pears the least ef-fi-cient over-all. Springel (2021) showed the non-neutrality
 []

<GraphsTables/policy_counterfactuals_comparison.png, id=121, 1075.1367pt x 424.9476pt>
File: GraphsTables/policy_counterfactuals_comparison.png Graphic file (type png)
<use GraphsTables/policy_counterfactuals_comparison.png>
Package pdftex.def Info: GraphsTables/policy_counterfactuals_comparison.png  used on input line 797.
(pdftex.def)             Requested size: 380.69788pt x 150.47163pt.
[32] [33 <./GraphsTables/policy_counterfactuals_comparison.png>]
<GraphsTables/complementarities.png, id=129, 857.1222pt x 498.663pt>
File: GraphsTables/complementarities.png Graphic file (type png)
<use GraphsTables/complementarities.png>
Package pdftex.def Info: GraphsTables/complementarities.png  used on input line 827.
(pdftex.def)             Requested size: 380.69788pt x 221.48964pt.
 [34 <./GraphsTables/complementarities.png>] [35] [36] (Draft.bbl
Underfull \hbox (badness 2556) in paragraph at lines 52--58
[]\T1/phv/m/n/12 Conlon, C. and Gort-maker, J. (2020).  Best prac-tices for dif-
 []


Underfull \hbox (badness 7576) in paragraph at lines 52--58
\T1/phv/m/n/12 fer-en-ti-ated prod-ucts de-mand es-ti-ma-tion with Py-BLP.  \T1/phv/m/sl/12 The
 []


Underfull \hbox (badness 10000) in paragraph at lines 52--58
\T1/phv/m/sl/12 RAND Jour-nal of Eco-nomics\T1/phv/m/n/12 , 51(4):1108--1161.  _eprint:
 []

[37] [38]
Underfull \hbox (badness 8151) in paragraph at lines 161--167
[]\T1/phv/m/n/12 Nevo, A. (2000).  A Prac-ti-tioner's Guide to Es-ti-ma-tion of
 []


Underfull \hbox (badness 10000) in paragraph at lines 161--167
\T1/phv/m/n/12 Random-Coefficients Logit Mod-els of De-mand.  \T1/phv/m/sl/12 Jour-
 []


Underfull \hbox (badness 10000) in paragraph at lines 161--167
\T1/phv/m/sl/12 nal of Eco-nomics & Man-age-ment Strat-egy\T1/phv/m/n/12 , 9(4):513--548.
 []


Underfull \hbox (badness 10000) in paragraph at lines 161--167
\T1/phv/m/n/12 _eprint: https://onlinelibrary.wiley.com/doi/pdf/10.1111/j.1430-
 []

[39]) [40] (Draft.aux) ) 
Here is how much of TeX's memory you used:
 4491 strings out of 476331
 68363 string characters out of 5792888
 1865660 words of memory out of 5000000
 24841 multiletter control sequences out of 15000+600000
 563305 words of font info for 101 fonts, out of 8000000 for 9000
 1141 hyphenation exceptions out of 8191
 57i,15n,62p,565b,334s stack positions out of 10000i,1000n,20000p,200000b,200000s
<D:/Program Files (x86)/New folder/fonts/type1/public/amsfonts/cm/cmex10.pfb><D:/Program Files (x86)/New folder/fonts/type1/public/amsfonts/cm/cmmi10.pfb><D:/Program Files (x86)/New folder/fonts/type1/public/amsfonts/cm/cmmi12.pfb><D:/Program Files (x86)/New folder/fonts/type1/public/amsfonts/cm/cmmi6.pfb><D:/Program Files (x86)/New folder/fonts/type1/public/amsfonts/cm/cmmi8.pfb><D:/Program Files (x86)/New folder/fonts/type1/public/amsfonts/cm/cmr12.pfb><D:/Program Files (x86)/New folder/fonts/type1/public/amsfonts/cm/cmr6.pfb><D:/Program Files (x86)/New folder/fonts/type1/public/amsfonts/cm/cmr8.pfb><D:/Program Files (x86)/New folder/fonts/type1/public/amsfonts/cm/cmsy10.pfb><D:/Program Files (x86)/New folder/fonts/type1/public/amsfonts/cm/cmsy7.pfb><D:/Program Files (x86)/New folder/fonts/type1/public/amsfonts/cm/cmsy8.pfb><D:/Program Files (x86)/New folder/fonts/type1/public/doublestroke/dsrom12.pfb><D:/Program Files (x86)/New folder/fonts/type1/public/amsfonts/symbols/msam10.pfb><D:/Program Files (x86)/New folder/fonts/type1/urw/helvetic/uhvb8a.pfb><D:/Program Files (x86)/New folder/fonts/type1/urw/helvetic/uhvr8a.pfb><D:/Program Files (x86)/New folder/fonts/type1/urw/helvetic/uhvro8a.pfb>
Output written on Draft.pdf (40 pages, 684998 bytes).
PDF statistics:
 222 PDF objects out of 1000 (max. 8388607)
 0 named destinations out of 1000 (max. 500000)
 21 words of extra memory for PDF output out of 10000 (max. 10000000)

